Could not find the file: D:\Grade1ss\cs61c\projs\proj3\tests\part_b\custom\inputs/sll-slli.s
